// Jest Snapshot v1, https://goo.gl/fbAQLP

exports[`[ atoms / Loading ] #Loading when 'Loading' Children is mounted should render 1`] = `
<DocumentFragment>
  Adventures washed awfully web poured pirate IÃ¡ve extend shared? Glows visit bitter fire-breather 400 triumphant splash responsible Oakenshield's prong invitations mortal? It must be taken deep into Mordor and cast back into the fiery chasm from whence it came.
</DocumentFragment>
`;

exports[`[ atoms / Loading ] #Loading when 'Loading' Default is mounted should render 1`] = `
<DocumentFragment>
  <div
    class="container"
  >
    <div
      class="loading"
    />
  </div>
</DocumentFragment>
`;
