// Jest Snapshot v1, https://goo.gl/fbAQLP

exports[`[ storybook ] [ Atoms/Textarea ] should render Default 1`] = `
<DocumentFragment>
  <textarea
    class="textarea"
    placeholder="Country speed seat newfound ah stained Gundabad stinking runt."
    rows="5"
  />
</DocumentFragment>
`;
