// Jest Snapshot v1, https://goo.gl/fbAQLP

exports[`[ molecules / Score ] #Score when 'Score' Default is mounted should render 1`] = `
<DocumentFragment>
  <div
    class="score"
  >
    <div
      class="face"
    >
      <svgrurl />
      <div
        class="spacer vertical"
        style="height: 5px;"
      />
      <p
        class="paragraph color-base size-md weight-normal"
      >
        Frustrado
      </p>
    </div>
    <div
      class="spacer horizontal"
      style="height: 100%; max-height: auto; width: 40px;"
    />
    <div
      class="face"
    >
      <svgrurl />
      <div
        class="spacer vertical"
        style="height: 5px;"
      />
      <p
        class="paragraph color-base size-md weight-normal"
      >
        Normal
      </p>
    </div>
    <div
      class="spacer horizontal"
      style="height: 100%; max-height: auto; width: 40px;"
    />
    <div
      class="face"
    >
      <svgrurl />
      <div
        class="spacer vertical"
        style="height: 5px;"
      />
      <p
        class="paragraph color-base size-md weight-normal"
      >
        Muy motivado
      </p>
    </div>
  </div>
</DocumentFragment>
`;
