// Jest Snapshot v1, https://goo.gl/fbAQLP

exports[`[ storybook ] [ Layout/FullHeightContent ] should render Default 1`] = `
<DocumentFragment>
  <div
    class="full-height-content"
  >
    <div
      class="content"
    />
    <div
      class="spacer vertical"
      style="height: 15px;"
    />
    <div
      class="footer"
    />
  </div>
</DocumentFragment>
`;
