// Jest Snapshot v1, https://goo.gl/fbAQLP

exports[`[ storybook ] [ Layout/CenteredContent ] should render Default 1`] = `
<DocumentFragment>
  <div
    class="centered-content"
  />
</DocumentFragment>
`;
