// Jest Snapshot v1, https://goo.gl/fbAQLP

exports[`[ storybook ] [ Atoms/Divider ] should render Default 1`] = `
<DocumentFragment>
  <div
    class="divider"
  />
</DocumentFragment>
`;
