// Jest Snapshot v1, https://goo.gl/fbAQLP

exports[`[ atoms / Divider ] #Divider when 'Divider' Default is mounted should render 1`] = `
<DocumentFragment>
  <div
    class="divider"
  />
</DocumentFragment>
`;
